C:\Users\Quencher\AppData\Local\Programs\Python\Python312\Lib\site-packages\requests\__init__.py:109: RequestsDependencyWarning: urllib3 (2.15.903) or chardet (7.0.1)/charset_normalizer (3.4.4) doesn't match a supported version!
  warnings.warn(
INFO:SASE.L8.Containment:Model version '1.0.0' registered (hash=default...)
gradle_evolution.test_api (unittest.loader._FailedTest.gradle_evolution.test_api) ... ERROR
gradle_evolution.test_audit (unittest.loader._FailedTest.gradle_evolution.test_audit) ... ERROR
gradle_evolution.test_capsules (unittest.loader._FailedTest.gradle_evolution.test_capsules) ... ERROR
gradle_evolution.test_cognition (unittest.loader._FailedTest.gradle_evolution.test_cognition) ... ERROR
gradle_evolution.test_constitutional (unittest.loader._FailedTest.gradle_evolution.test_constitutional) ... ERROR
gradle_evolution.test_integration (unittest.loader._FailedTest.gradle_evolution.test_integration) ... ERROR
gradle_evolution.test_security (unittest.loader._FailedTest.gradle_evolution.test_security) ... ERROR
inspection.test_audit_pipeline (unittest.loader._FailedTest.inspection.test_audit_pipeline) ... ERROR
inspection.test_repository_inspector (unittest.loader._FailedTest.inspection.test_repository_inspector) ... ERROR
temporal.test_client (unittest.loader._FailedTest.temporal.test_client) ... ERROR
temporal.test_config (unittest.loader._FailedTest.temporal.test_config) ... ERROR
temporal.test_liara_workflows (unittest.loader._FailedTest.temporal.test_liara_workflows) ... ERROR
temporal.test_workflows (unittest.loader._FailedTest.temporal.test_workflows) ... ERROR
test_100_percent_coverage (unittest.loader._FailedTest.test_100_percent_coverage) ... ERROR
test_audit_event_creation (test_advanced_boot.TestAuditReplay.test_audit_event_creation)
Test creating audit events. ... ok
test_audit_event_types_filter (test_advanced_boot.TestAuditReplay.test_audit_event_types_filter)
Test filtering replay by event types. ... ok
test_audit_log_loading (test_advanced_boot.TestAuditReplay.test_audit_log_loading)
Test loading audit log from disk. ... ok
test_audit_log_persistence (test_advanced_boot.TestAuditReplay.test_audit_log_persistence)
Test that audit events are written to disk. ... ok
test_replay_audit_log (test_advanced_boot.TestAuditReplay.test_replay_audit_log)
Test replaying audit log. ... CRITICAL:src.app.core.advanced_boot:\U0001f6a8 EMERGENCY MODE ACTIVATED: test_emergency
CRITICAL:src.app.core.advanced_boot:   Only critical subsystems will be available
CRITICAL:src.app.core.advanced_boot:   Critical subsystems: {'biomedical_defense', 'ethics_governance', 'agi_safeguards', 'situational_awareness'}
ok
test_replay_with_time_filter (test_advanced_boot.TestAuditReplay.test_replay_with_time_filter)
Test replaying audit log with time filter. ... ok
test_state_snapshot (test_advanced_boot.TestAuditReplay.test_state_snapshot)
Test state snapshot creation. ... ok
test_default_profiles_exist (test_advanced_boot.TestBootProfiles.test_default_profiles_exist)
Test that all default boot profiles exist. ... ok
test_emergency_profile_whitelist (test_advanced_boot.TestBootProfiles.test_emergency_profile_whitelist)
Test that emergency profile only allows critical subsystems. ... ok
test_minimal_profile (test_advanced_boot.TestBootProfiles.test_minimal_profile)
Test minimal profile with only essential subsystems. ... ok
test_normal_profile_allows_all (test_advanced_boot.TestBootProfiles.test_normal_profile_allows_all)
Test that normal profile allows all subsystems. ... ok
test_priority_override (test_advanced_boot.TestBootProfiles.test_priority_override)
Test priority overrides in boot profiles. ... ok
test_set_boot_profile (test_advanced_boot.TestBootProfiles.test_set_boot_profile)
Test setting boot profile. ... ok
test_boot_sequence_tracking (test_advanced_boot.TestBootStatistics.test_boot_sequence_tracking)
Test tracking full boot sequence. ... ok
test_boot_stats_initialization (test_advanced_boot.TestBootStatistics.test_boot_stats_initialization)
Test boot statistics initialization. ... ok
test_increment_subsystems_initialized (test_advanced_boot.TestBootStatistics.test_increment_subsystems_initialized)
Test incrementing subsystems initialized counter. ... ok
test_increment_subsystems_skipped (test_advanced_boot.TestBootStatistics.test_increment_subsystems_skipped)
Test incrementing subsystems skipped counter. ... ok
test_emergency_mode_activation (test_advanced_boot.TestEmergencyMode.test_emergency_mode_activation)
Test emergency mode activation. ... CRITICAL:src.app.core.advanced_boot:\U0001f6a8 EMERGENCY MODE ACTIVATED: test_reason
CRITICAL:src.app.core.advanced_boot:   Only critical subsystems will be available
CRITICAL:src.app.core.advanced_boot:   Critical subsystems: {'biomedical_defense', 'ethics_governance', 'agi_safeguards', 'situational_awareness'}
ok
test_emergency_mode_allows_critical (test_advanced_boot.TestEmergencyMode.test_emergency_mode_allows_critical)
Test that emergency mode allows critical subsystems. ... CRITICAL:src.app.core.advanced_boot:\U0001f6a8 EMERGENCY MODE ACTIVATED: test
CRITICAL:src.app.core.advanced_boot:   Only critical subsystems will be available
CRITICAL:src.app.core.advanced_boot:   Critical subsystems: {'biomedical_defense', 'ethics_governance', 'agi_safeguards', 'situational_awareness'}
ok
test_emergency_mode_blocks_non_critical (test_advanced_boot.TestEmergencyMode.test_emergency_mode_blocks_non_critical)
Test that emergency mode blocks non-critical subsystems. ... CRITICAL:src.app.core.advanced_boot:\U0001f6a8 EMERGENCY MODE ACTIVATED: test
CRITICAL:src.app.core.advanced_boot:   Only critical subsystems will be available
CRITICAL:src.app.core.advanced_boot:   Critical subsystems: {'biomedical_defense', 'ethics_governance', 'agi_safeguards', 'situational_awareness'}
ok
test_emergency_mode_deactivation (test_advanced_boot.TestEmergencyMode.test_emergency_mode_deactivation)
Test emergency mode deactivation. ... CRITICAL:src.app.core.advanced_boot:\U0001f6a8 EMERGENCY MODE ACTIVATED: test
CRITICAL:src.app.core.advanced_boot:   Only critical subsystems will be available
CRITICAL:src.app.core.advanced_boot:   Critical subsystems: {'biomedical_defense', 'ethics_governance', 'agi_safeguards', 'situational_awareness'}
ok
test_after_checkpoint_subsystems_require_approval (test_advanced_boot.TestEthicsFirstColdStart.test_after_checkpoint_subsystems_require_approval)
Test that after checkpoint, subsystems require ethics approval. ... ok
test_ethics_checkpoint_not_passed_initially (test_advanced_boot.TestEthicsFirstColdStart.test_ethics_checkpoint_not_passed_initially)
Test that ethics checkpoint is not passed initially. ... ok
test_ethics_first_requires_checkpoint (test_advanced_boot.TestEthicsFirstColdStart.test_ethics_first_requires_checkpoint)
Test that ethics-first profile requires checkpoint. ... ok
test_ethics_subsystems_initialize_first (test_advanced_boot.TestEthicsFirstColdStart.test_ethics_subsystems_initialize_first)
Test that ethics subsystems can initialize before checkpoint. ... ok
test_mark_ethics_checkpoint_passed (test_advanced_boot.TestEthicsFirstColdStart.test_mark_ethics_checkpoint_passed)
Test marking ethics checkpoint as passed. ... ok
test_advanced_learning_systems (unittest.loader._FailedTest.test_advanced_learning_systems) ... ERROR
test_agents_pipeline (unittest.loader._FailedTest.test_agents_pipeline) ... ERROR
test_backend_client_extended (unittest.loader._FailedTest.test_backend_client_extended) ... ERROR
test_boundary (unittest.loader._FailedTest.test_boundary) ... ERROR
test_command_override_extended (unittest.loader._FailedTest.test_command_override_extended) ... ERROR
test_contrarian_firewall (unittest.loader._FailedTest.test_contrarian_firewall) ... ERROR
test_council_hub (unittest.loader._FailedTest.test_council_hub) ... ERROR
test_council_hub_integration (unittest.loader._FailedTest.test_council_hub_integration) ... ERROR
test_export_to_json (test_cybersecurity_knowledge.TestCybersecurityKnowledge.test_export_to_json)
Test exporting to JSON. ... ok
test_get_all_content (test_cybersecurity_knowledge.TestCybersecurityKnowledge.test_get_all_content)
Test getting all content. ... ok
test_get_section (test_cybersecurity_knowledge.TestCybersecurityKnowledge.test_get_section)
Test getting a specific section. ... ok
test_get_subsection (test_cybersecurity_knowledge.TestCybersecurityKnowledge.test_get_subsection)
Test getting a subsection. ... ok
test_get_summary (test_cybersecurity_knowledge.TestCybersecurityKnowledge.test_get_summary)
Test getting a summary. ... ok
test_integration_with_memory_system (test_cybersecurity_knowledge.TestCybersecurityKnowledge.test_integration_with_memory_system)
Test integration with MemoryExpansionSystem. ... ok
test_search_content (test_cybersecurity_knowledge.TestCybersecurityKnowledge.test_search_content)
Test searching for keywords. ... ok
test_data_analysis_extended (unittest.loader._FailedTest.test_data_analysis_extended) ... ERROR
test_health_monitoring (test_defense_engine_integration.TestBootstrapIntegration.test_health_monitoring)
Test health monitoring system. ... ok
test_orchestrator_creation (test_defense_engine_integration.TestBootstrapIntegration.test_orchestrator_creation)
Test orchestrator creation. ... ok
test_registry_creation (test_defense_engine_integration.TestBootstrapIntegration.test_registry_creation)
Test system registry creation. ... ok
test_subsystem_initialization_order (test_defense_engine_integration.TestBootstrapIntegration.test_subsystem_initialization_order)
Test dependency-based initialization order. ... ok
test_subsystem_registration (test_defense_engine_integration.TestBootstrapIntegration.test_subsystem_registration)
Test manual subsystem registration. ... ok
test_capability_registration (test_defense_engine_integration.TestCapabilitySystem.test_capability_registration)
Test capability registration and lookup. ... ok
test_defense_engine_creation (test_defense_engine_integration.TestDefenseEngineIntegration.test_defense_engine_creation)
Test defense engine creation. ... ok
test_defense_engine_initialization (test_defense_engine_integration.TestDefenseEngineIntegration.test_defense_engine_initialization)
Test defense engine initialization. ... ERROR:defense_engine:Critical subsystem not initialized: situational_awareness
ok
test_adversarial_mode (test_defense_engine_integration.TestOperationalModes.test_adversarial_mode)
Test adversarial mode settings. ... ok
test_air_gapped_mode (test_defense_engine_integration.TestOperationalModes.test_air_gapped_mode)
Test air-gapped mode settings. ... ok
test_mode_transition (test_defense_engine_integration.TestOperationalModes.test_mode_transition)
Test operational mode transitions. ... ok
test_base_subsystem_interface (test_defense_engine_integration.TestSubsystemInterfaces.test_base_subsystem_interface)
Test BaseSubsystem implements ISubsystem. ... ok
test_subsystem_lifecycle (test_defense_engine_integration.TestSubsystemInterfaces.test_subsystem_lifecycle)
Test subsystem lifecycle methods. ... ok
test_discovery (test_enhanced_systems.TestEnhancedBootstrap.test_discovery)
Test subsystem discovery. ... ok
test_lifecycle_management (test_enhanced_systems.TestEnhancedBootstrap.test_lifecycle_management)
Test subsystem lifecycle management. ... ok
test_topological_sort (test_enhanced_systems.TestEnhancedBootstrap.test_topological_sort)
Test dependency-based topological sort. ... ok
test_priority_ordering (test_enhanced_systems.TestEventSpine.test_priority_ordering)
Test event priority ordering. ... ok
test_publish_subscribe (test_enhanced_systems.TestEventSpine.test_publish_subscribe)
Test basic publish/subscribe. ... ok
test_veto_mechanism (test_enhanced_systems.TestEventSpine.test_veto_mechanism)
Test event veto mechanism. ... ok
test_action_validation (test_enhanced_systems.TestGovernanceGraph.test_action_validation)
Test action validation. ... ok
test_authority_hierarchy (test_enhanced_systems.TestGovernanceGraph.test_authority_hierarchy)
Test authority hierarchy. ... ok
test_consultation_requirements (test_enhanced_systems.TestGovernanceGraph.test_consultation_requirements)
Test consultation requirements. ... ok
test_override_authority (test_enhanced_systems.TestGovernanceGraph.test_override_authority)
Test override authority checks. ... ok
test_veto_powers (test_enhanced_systems.TestGovernanceGraph.test_veto_powers)
Test veto power queries. ... ok
test_event_spine_governance_integration (test_enhanced_systems.TestIntegration.test_event_spine_governance_integration)
Test event spine with governance checks. ... ok
test_enterprise_tier_asymmetric_security (unittest.loader._FailedTest.test_enterprise_tier_asymmetric_security) ... ERROR
test_enterprise_tier_expansion (unittest.loader._FailedTest.test_enterprise_tier_expansion) ... ERROR
test_enterprise_tier_system (unittest.loader._FailedTest.test_enterprise_tier_system) ... ERROR
test_enterprise_tier_systems (unittest.loader._FailedTest.test_enterprise_tier_systems) ... ERROR
test_extract_with_permissions (unittest.loader._FailedTest.test_extract_with_permissions) ... ERROR
test_four_laws_stress (unittest.loader._FailedTest.test_four_laws_stress) ... ERROR
test_adversarial_testing (test_god_tier_expansion.TestBehavioralValidation.test_adversarial_testing)
Test adversarial AGI testing. ... ok
test_anomaly_detection (test_god_tier_expansion.TestBehavioralValidation.test_anomaly_detection)
Test behavioral anomaly detection. ... ok
test_create_validation_system (test_god_tier_expansion.TestBehavioralValidation.test_create_validation_system)
Test validation system creation. ... ok
test_four_laws_verification (test_god_tier_expansion.TestBehavioralValidation.test_four_laws_verification)
Test Four Laws formal verification. ... ok
test_four_laws_violation_detection (test_god_tier_expansion.TestBehavioralValidation.test_four_laws_violation_detection)
Test violation detection. ... ok
test_validation_status (test_god_tier_expansion.TestBehavioralValidation.test_validation_status)
Test validation system status. ... ok
test_backpressure_strategies (test_god_tier_expansion.TestDistributedEventStreaming.test_backpressure_strategies)
Test event streaming backpressure handling. ... ok
test_create_streaming_system (test_god_tier_expansion.TestDistributedEventStreaming.test_create_streaming_system)
Test streaming system creation. ... ok
test_publish_event (test_god_tier_expansion.TestDistributedEventStreaming.test_publish_event)
Test event publishing. ... ok
test_sensor_motor_aggregator (test_god_tier_expansion.TestDistributedEventStreaming.test_sensor_motor_aggregator)
Test sensor/motor aggregation. ... ok
test_subscribe_events (test_god_tier_expansion.TestDistributedEventStreaming.test_subscribe_events)
Test event subscription. ... ok
test_create_config (test_god_tier_expansion.TestGodTierIntegration.test_create_config)
Test configuration creation. ... ok
test_initialize_system (test_god_tier_expansion.TestGodTierIntegration.test_initialize_system)
Test system initialization. ... ok
test_compliance_checks (test_god_tier_expansion.TestGuardianApprovalSystem.test_compliance_checks)
Test compliance validation. ... ok
test_create_approval_request (test_god_tier_expansion.TestGuardianApprovalSystem.test_create_approval_request)
Test approval request creation. ... ok
test_create_guardian_system (test_god_tier_expansion.TestGuardianApprovalSystem.test_create_guardian_system)
Test guardian system creation. ... ok
test_emergency_override (test_god_tier_expansion.TestGuardianApprovalSystem.test_emergency_override)
Test emergency override with multi-signature. ... ok
test_emergency_override_atomic_writes (test_god_tier_expansion.TestGuardianApprovalSystem.test_emergency_override_atomic_writes)
Test that override files are written atomically. ... ok
test_emergency_override_hmac_signatures (test_god_tier_expansion.TestGuardianApprovalSystem.test_emergency_override_hmac_signatures)
Test HMAC signatures for emergency overrides. ... ok
test_emergency_override_idempotent_post_mortem (test_god_tier_expansion.TestGuardianApprovalSystem.test_emergency_override_idempotent_post_mortem)
Test idempotent post-mortem completion. ... ok
test_emergency_override_metadata_field (test_god_tier_expansion.TestGuardianApprovalSystem.test_emergency_override_metadata_field)
Test that metadata field exists and works correctly. ... ok
test_emergency_override_role_quorum (test_god_tier_expansion.TestGuardianApprovalSystem.test_emergency_override_role_quorum)
Test role quorum enforcement for emergency overrides. ... ok
test_guardian_status (test_god_tier_expansion.TestGuardianApprovalSystem.test_guardian_status)
Test guardian system status. ... ok
test_submit_approval (test_god_tier_expansion.TestGuardianApprovalSystem.test_submit_approval)
Test guardian approval submission. ... ok
test_component_health_check (test_god_tier_expansion.TestHealthMonitoring.test_component_health_check)
Test component health checking. ... ok
test_continuity_tracking (test_god_tier_expansion.TestHealthMonitoring.test_continuity_tracking)
Test AGI continuity tracking. ... ok
test_create_health_system (test_god_tier_expansion.TestHealthMonitoring.test_create_health_system)
Test health system creation. ... ok
test_fallback_management (test_god_tier_expansion.TestHealthMonitoring.test_fallback_management)
Test fallback activation. ... ok
test_monitoring_loop_execution (test_god_tier_expansion.TestHealthMonitoring.test_monitoring_loop_execution)
Test that monitoring loop actually executes health checks. ... ok
test_predictive_failure_detection (test_god_tier_expansion.TestHealthMonitoring.test_predictive_failure_detection)
Test predictive failure detection. ... ok
test_system_status (test_god_tier_expansion.TestHealthMonitoring.test_system_status)
Test system status reporting. ... ok
test_agi_behavior_monitoring (test_god_tier_expansion.TestLiveMetricsDashboard.test_agi_behavior_monitoring)
Test AGI behavior monitoring. ... ok
test_alert_management (test_god_tier_expansion.TestLiveMetricsDashboard.test_alert_management)
Test alert management. ... ok
test_create_dashboard (test_god_tier_expansion.TestLiveMetricsDashboard.test_create_dashboard)
Test dashboard creation. ... ok
test_dashboard_data_export (test_god_tier_expansion.TestLiveMetricsDashboard.test_dashboard_data_export)
Test dashboard data export. ... ok
test_fusion_operations_monitoring (test_god_tier_expansion.TestLiveMetricsDashboard.test_fusion_operations_monitoring)
Test fusion operations monitoring. ... ok
test_record_metrics (test_god_tier_expansion.TestLiveMetricsDashboard.test_record_metrics)
Test metric recording. ... ok
test_robotic_action_monitoring (test_god_tier_expansion.TestLiveMetricsDashboard.test_robotic_action_monitoring)
Test robotic action monitoring. ... ok
test_automated_remediation (test_god_tier_expansion.TestSecurityOperationsCenter.test_automated_remediation)
Test automated remediation. ... ok
test_create_soc (test_god_tier_expansion.TestSecurityOperationsCenter.test_create_soc)
Test SOC creation. ... ok
test_ingest_security_event (test_god_tier_expansion.TestSecurityOperationsCenter.test_ingest_security_event)
Test security event ingestion. ... ok
test_soc_status (test_god_tier_expansion.TestSecurityOperationsCenter.test_soc_status)
Test SOC status reporting. ... ok
test_threat_detection (test_god_tier_expansion.TestSecurityOperationsCenter.test_threat_detection)
Test threat detection. ... ok
test_god_tier_systems (unittest.loader._FailedTest.test_god_tier_systems) ... ERROR
test_hydra_50_engine (unittest.loader._FailedTest.test_hydra_50_engine) ... ERROR
test_hydra_guard (unittest.loader._FailedTest.test_hydra_guard) ... ERROR
test_image_generator_extended (unittest.loader._FailedTest.test_image_generator_extended) ... ERROR
test_integration_pipeline_blocking (unittest.loader._FailedTest.test_integration_pipeline_blocking) ... ERROR
test_invariants (unittest.loader._FailedTest.test_invariants) ... ERROR
test_irreversibility_locks (unittest.loader._FailedTest.test_irreversibility_locks) ... ERROR
test_learning_requests_extended (unittest.loader._FailedTest.test_learning_requests_extended) ... ERROR
test_liara_temporal (unittest.loader._FailedTest.test_liara_temporal) ... ERROR
test_memory_extended (unittest.loader._FailedTest.test_memory_extended) ... ERROR
test_persona_extended (unittest.loader._FailedTest.test_persona_extended) ... ERROR
test_policy_guard (unittest.loader._FailedTest.test_policy_guard) ... ERROR
test_dataset_versioning (test_security_agents_validation.DataIntegrityTests.test_dataset_versioning)
Verify dataset version tracking. ... ERROR
test_hydra_dataset_checksum (test_security_agents_validation.DataIntegrityTests.test_hydra_dataset_checksum)
Verify HYDRA dataset checksum for integrity. ... skipped 'HYDRA dataset not found'
test_jbb_dataset_checksum (test_security_agents_validation.DataIntegrityTests.test_jbb_dataset_checksum)
Verify JBB dataset checksum for integrity. ... skipped 'JBB dataset not found'
test_code_adversary_smoke (test_security_agents_validation.SecurityAgentsSmokeTests.test_code_adversary_smoke)
Smoke test: CodeAdversaryAgent vulnerability scanning. ... ERROR
test_constitutional_guardrail_smoke (test_security_agents_validation.SecurityAgentsSmokeTests.test_constitutional_guardrail_smoke)
Smoke test: ConstitutionalGuardrailAgent review. ... ERROR
test_jailbreak_bench_agent_smoke (test_security_agents_validation.SecurityAgentsSmokeTests.test_jailbreak_bench_agent_smoke)
Smoke test: JailbreakBenchAgent initialization and benchmark run. ... ERROR
test_long_context_agent_smoke (test_security_agents_validation.SecurityAgentsSmokeTests.test_long_context_agent_smoke)
Smoke test: LongContextAgent initialization and basic operation. ... ERROR
test_red_team_agent_smoke (test_security_agents_validation.SecurityAgentsSmokeTests.test_red_team_agent_smoke)
Smoke test: RedTeamAgent initialization and session. ... ERROR
test_red_team_persona_smoke (test_security_agents_validation.SecurityAgentsSmokeTests.test_red_team_persona_smoke)
Smoke test: RedTeamPersonaAgent attack execution. ... ERROR
test_safety_guard_agent_smoke (test_security_agents_validation.SecurityAgentsSmokeTests.test_safety_guard_agent_smoke)
Smoke test: SafetyGuardAgent initialization and filtering. ... ERROR
test_deterministic_seed_behavior (test_security_agents_validation.TestReproducibilityTests.test_deterministic_seed_behavior)
Verify seeded random behavior is reproducible. ... ok
test_red_team_campaign_reproducibility (test_security_agents_validation.TestReproducibilityTests.test_red_team_campaign_reproducibility)
Verify red team campaign can be replayed with same results. ... ERROR
test_save_and_replay_campaign (test_security_agents_validation.TestReproducibilityTests.test_save_and_replay_campaign)
Test saving campaign state and replaying it. ... ok
test_audit_trail_generation (test_security_agents_validation.TriumvirateEnforcementTests.test_audit_trail_generation)
Verify audit entries are created for blocked actions. ... ok
test_triumvirate_veto_cerberus (test_security_agents_validation.TriumvirateEnforcementTests.test_triumvirate_veto_cerberus)
Test CERBERUS veto on security-violating actions. ... ERROR
test_triumvirate_veto_codex (test_security_agents_validation.TriumvirateEnforcementTests.test_triumvirate_veto_codex)
Test CODEX DEUS MAXIMUS veto on logically inconsistent actions. ... ERROR
test_triumvirate_veto_galahad (test_security_agents_validation.TriumvirateEnforcementTests.test_triumvirate_veto_galahad)
Test GALAHAD veto on relationship-harming actions. ... ERROR
test_user_manager_extended (unittest.loader._FailedTest.test_user_manager_extended) ... ERROR
test_v1_launch (unittest.loader._FailedTest.test_v1_launch) ... ERROR
test_audit_replay_includes_event_references (test_wired_systems.TestEventAuditIntegration.test_audit_replay_includes_event_references)
Test that audit replay can reference emitted events. ... ok
test_approval_checks_must_consult (test_wired_systems.TestGovernanceIntegration.test_approval_checks_must_consult)
Test that approvals check MUST_CONSULT relationships. ... ok
test_emergency_mode_emits_event (test_wired_systems.TestWiredEthicsApprovals.test_emergency_mode_emits_event)
Test that emergency mode activation emits a system health event. ... CRITICAL:app.core.advanced_boot:\U0001f6a8 EMERGENCY MODE ACTIVATED: test_emergency
CRITICAL:app.core.advanced_boot:   Only critical subsystems will be available
CRITICAL:app.core.advanced_boot:   Critical subsystems: {'biomedical_defense', 'ethics_governance', 'agi_safeguards', 'situational_awareness'}
FAIL
test_ethics_approval_emits_event (test_wired_systems.TestWiredEthicsApprovals.test_ethics_approval_emits_event)
Test that ethics approval emits a governance decision event. ... FAIL
test_ethics_approval_includes_governance_context (test_wired_systems.TestWiredEthicsApprovals.test_ethics_approval_includes_governance_context)
Test that ethics approval includes governance consultation requirements. ... FAIL
test_ethics_checkpoint_emits_event (test_wired_systems.TestWiredEthicsApprovals.test_ethics_checkpoint_emits_event)
Test that ethics checkpoint emits a governance decision event. ... FAIL
test_event_includes_audit_linkage (test_wired_systems.TestWiredEthicsApprovals.test_event_includes_audit_linkage)
Test that events include linkage to audit trail. ... FAIL
test_multiple_approvals_emit_multiple_events (test_wired_systems.TestWiredEthicsApprovals.test_multiple_approvals_emit_multiple_events)
Test that multiple approvals emit separate events. ... FAIL
reporting (unittest.loader._FailedTest.reporting) ... ERROR

======================================================================
ERROR: gradle_evolution.test_api (unittest.loader._FailedTest.gradle_evolution.test_api)
----------------------------------------------------------------------
ImportError: Failed to import test module: gradle_evolution.test_api
Traceback (most recent call last):
  File "C:\Users\Quencher\AppData\Local\Programs\Python\Python312\Lib\unittest\loader.py", line 396, in _find_test_path
    module = self._get_module_from_name(name)
             ^^^^^^^^^^^^^^^^^^^^^^^^^^^^^^^^
  File "C:\Users\Quencher\AppData\Local\Programs\Python\Python312\Lib\unittest\loader.py", line 339, in _get_module_from_name
    __import__(name)
  File "C:\Users\Quencher\.gemini\antigravity\scratch\sovereign-repos\Project-AI\tests\gradle_evolution\test_api.py", line 13, in <module>
    from gradle_evolution.api.documentation_generator import (
ModuleNotFoundError: No module named 'gradle_evolution.api'


======================================================================
ERROR: gradle_evolution.test_audit (unittest.loader._FailedTest.gradle_evolution.test_audit)
----------------------------------------------------------------------
ImportError: Failed to import test module: gradle_evolution.test_audit
Traceback (most recent call last):
  File "C:\Users\Quencher\AppData\Local\Programs\Python\Python312\Lib\unittest\loader.py", line 396, in _find_test_path
    module = self._get_module_from_name(name)
             ^^^^^^^^^^^^^^^^^^^^^^^^^^^^^^^^
  File "C:\Users\Quencher\AppData\Local\Programs\Python\Python312\Lib\unittest\loader.py", line 339, in _get_module_from_name
    __import__(name)
  File "C:\Users\Quencher\.gemini\antigravity\scratch\sovereign-repos\Project-AI\tests\gradle_evolution\test_audit.py", line 13, in <module>
    from gradle_evolution.audit.accountability import (
ModuleNotFoundError: No module named 'gradle_evolution.audit'


======================================================================
ERROR: gradle_evolution.test_capsules (unittest.loader._FailedTest.gradle_evolution.test_capsules)
----------------------------------------------------------------------
ImportError: Failed to import test module: gradle_evolution.test_capsules
Traceback (most recent call last):
  File "C:\Users\Quencher\AppData\Local\Programs\Python\Python312\Lib\unittest\loader.py", line 396, in _find_test_path
    module = self._get_module_from_name(name)
             ^^^^^^^^^^^^^^^^^^^^^^^^^^^^^^^^
  File "C:\Users\Quencher\AppData\Local\Programs\Python\Python312\Lib\unittest\loader.py", line 339, in _get_module_from_name
    __import__(name)
  File "C:\Users\Quencher\.gemini\antigravity\scratch\sovereign-repos\Project-AI\tests\gradle_evolution\test_capsules.py", line 11, in <module>
    from gradle_evolution.capsules.capsule_engine import (
ModuleNotFoundError: No module named 'gradle_evolution.capsules'


======================================================================
ERROR: gradle_evolution.test_cognition (unittest.loader._FailedTest.gradle_evolution.test_cognition)
----------------------------------------------------------------------
ImportError: Failed to import test module: gradle_evolution.test_cognition
Traceback (most recent call last):
  File "C:\Users\Quencher\AppData\Local\Programs\Python\Python312\Lib\unittest\loader.py", line 396, in _find_test_path
    module = self._get_module_from_name(name)
             ^^^^^^^^^^^^^^^^^^^^^^^^^^^^^^^^
  File "C:\Users\Quencher\AppData\Local\Programs\Python\Python312\Lib\unittest\loader.py", line 339, in _get_module_from_name
    __import__(name)
  File "C:\Users\Quencher\.gemini\antigravity\scratch\sovereign-repos\Project-AI\tests\gradle_evolution\test_cognition.py", line 12, in <module>
    from gradle_evolution.cognition.build_cognition import BuildCognitionEngine
ModuleNotFoundError: No module named 'gradle_evolution.cognition'


======================================================================
ERROR: gradle_evolution.test_constitutional (unittest.loader._FailedTest.gradle_evolution.test_constitutional)
----------------------------------------------------------------------
ImportError: Failed to import test module: gradle_evolution.test_constitutional
Traceback (most recent call last):
  File "C:\Users\Quencher\AppData\Local\Programs\Python\Python312\Lib\unittest\loader.py", line 396, in _find_test_path
    module = self._get_module_from_name(name)
             ^^^^^^^^^^^^^^^^^^^^^^^^^^^^^^^^
  File "C:\Users\Quencher\AppData\Local\Programs\Python\Python312\Lib\unittest\loader.py", line 339, in _get_module_from_name
    __import__(name)
  File "C:\Users\Quencher\.gemini\antigravity\scratch\sovereign-repos\Project-AI\tests\gradle_evolution\test_constitutional.py", line 13, in <module>
    from gradle_evolution.constitutional.enforcer import ConstitutionalEnforcer
ModuleNotFoundError: No module named 'gradle_evolution.constitutional'


======================================================================
ERROR: gradle_evolution.test_integration (unittest.loader._FailedTest.gradle_evolution.test_integration)
----------------------------------------------------------------------
ImportError: Failed to import test module: gradle_evolution.test_integration
Traceback (most recent call last):
  File "C:\Users\Quencher\AppData\Local\Programs\Python\Python312\Lib\unittest\loader.py", line 396, in _find_test_path
    module = self._get_module_from_name(name)
             ^^^^^^^^^^^^^^^^^^^^^^^^^^^^^^^^
  File "C:\Users\Quencher\AppData\Local\Programs\Python\Python312\Lib\unittest\loader.py", line 339, in _get_module_from_name
    __import__(name)
  File "C:\Users\Quencher\.gemini\antigravity\scratch\sovereign-repos\Project-AI\tests\gradle_evolution\test_integration.py", line 13, in <module>
    from gradle_evolution.api.verifiability_api import VerifiabilityAPI
ModuleNotFoundError: No module named 'gradle_evolution.api'


======================================================================
ERROR: gradle_evolution.test_security (unittest.loader._FailedTest.gradle_evolution.test_security)
----------------------------------------------------------------------
ImportError: Failed to import test module: gradle_evolution.test_security
Traceback (most recent call last):
  File "C:\Users\Quencher\AppData\Local\Programs\Python\Python312\Lib\unittest\loader.py", line 396, in _find_test_path
    module = self._get_module_from_name(name)
             ^^^^^^^^^^^^^^^^^^^^^^^^^^^^^^^^
  File "C:\Users\Quencher\AppData\Local\Programs\Python\Python312\Lib\unittest\loader.py", line 339, in _get_module_from_name
    __import__(name)
  File "C:\Users\Quencher\.gemini\antigravity\scratch\sovereign-repos\Project-AI\tests\gradle_evolution\test_security.py", line 12, in <module>
    from gradle_evolution.security.policy_scheduler import (
ModuleNotFoundError: No module named 'gradle_evolution.security'


======================================================================
ERROR: inspection.test_audit_pipeline (unittest.loader._FailedTest.inspection.test_audit_pipeline)
----------------------------------------------------------------------
ImportError: Failed to import test module: inspection.test_audit_pipeline
Traceback (most recent call last):
  File "C:\Users\Quencher\AppData\Local\Programs\Python\Python312\Lib\unittest\loader.py", line 396, in _find_test_path
    module = self._get_module_from_name(name)
             ^^^^^^^^^^^^^^^^^^^^^^^^^^^^^^^^
  File "C:\Users\Quencher\AppData\Local\Programs\Python\Python312\Lib\unittest\loader.py", line 339, in _get_module_from_name
    __import__(name)
  File "C:\Users\Quencher\.gemini\antigravity\scratch\sovereign-repos\Project-AI\tests\inspection\test_audit_pipeline.py", line 15, in <module>
    from app.inspection.audit_pipeline import AuditConfig, AuditPipeline, run_audit
ModuleNotFoundError: No module named 'app'


======================================================================
ERROR: inspection.test_repository_inspector (unittest.loader._FailedTest.inspection.test_repository_inspector)
----------------------------------------------------------------------
ImportError: Failed to import test module: inspection.test_repository_inspector
Traceback (most recent call last):
  File "C:\Users\Quencher\AppData\Local\Programs\Python\Python312\Lib\unittest\loader.py", line 396, in _find_test_path
    module = self._get_module_from_name(name)
             ^^^^^^^^^^^^^^^^^^^^^^^^^^^^^^^^
  File "C:\Users\Quencher\AppData\Local\Programs\Python\Python312\Lib\unittest\loader.py", line 339, in _get_module_from_name
    __import__(name)
  File "C:\Users\Quencher\.gemini\antigravity\scratch\sovereign-repos\Project-AI\tests\inspection\test_repository_inspector.py", line 15, in <module>
    from app.inspection.repository_inspector import (
ModuleNotFoundError: No module named 'app'


======================================================================
ERROR: temporal.test_client (unittest.loader._FailedTest.temporal.test_client)
----------------------------------------------------------------------
ImportError: Failed to import test module: temporal.test_client
Traceback (most recent call last):
  File "C:\Users\Quencher\AppData\Local\Programs\Python\Python312\Lib\unittest\loader.py", line 396, in _find_test_path
    module = self._get_module_from_name(name)
             ^^^^^^^^^^^^^^^^^^^^^^^^^^^^^^^^
  File "C:\Users\Quencher\AppData\Local\Programs\Python\Python312\Lib\unittest\loader.py", line 339, in _get_module_from_name
    __import__(name)
  File "C:\Users\Quencher\.gemini\antigravity\scratch\sovereign-repos\Project-AI\tests\temporal\test_client.py", line 11, in <module>
    from app.temporal.client import TemporalClientManager
ModuleNotFoundError: No module named 'app'


======================================================================
ERROR: temporal.test_config (unittest.loader._FailedTest.temporal.test_config)
----------------------------------------------------------------------
ImportError: Failed to import test module: temporal.test_config
Traceback (most recent call last):
  File "C:\Users\Quencher\AppData\Local\Programs\Python\Python312\Lib\unittest\loader.py", line 396, in _find_test_path
    module = self._get_module_from_name(name)
             ^^^^^^^^^^^^^^^^^^^^^^^^^^^^^^^^
  File "C:\Users\Quencher\AppData\Local\Programs\Python\Python312\Lib\unittest\loader.py", line 339, in _get_module_from_name
    __import__(name)
  File "C:\Users\Quencher\.gemini\antigravity\scratch\sovereign-repos\Project-AI\tests\temporal\test_config.py", line 7, in <module>
    from app.temporal.config import TemporalConfig, get_temporal_config
ModuleNotFoundError: No module named 'app'


======================================================================
ERROR: temporal.test_liara_workflows (unittest.loader._FailedTest.temporal.test_liara_workflows)
----------------------------------------------------------------------
ImportError: Failed to import test module: temporal.test_liara_workflows
Traceback (most recent call last):
  File "C:\Users\Quencher\AppData\Local\Programs\Python\Python312\Lib\unittest\loader.py", line 396, in _find_test_path
    module = self._get_module_from_name(name)
             ^^^^^^^^^^^^^^^^^^^^^^^^^^^^^^^^
  File "C:\Users\Quencher\AppData\Local\Programs\Python\Python312\Lib\unittest\loader.py", line 339, in _get_module_from_name
    __import__(name)
  File "C:\Users\Quencher\.gemini\antigravity\scratch\sovereign-repos\Project-AI\tests\temporal\test_liara_workflows.py", line 13, in <module>
    from app.temporal.workflows import CrisisRequest, CrisisResult, MissionPhase
ModuleNotFoundError: No module named 'app'


======================================================================
ERROR: temporal.test_workflows (unittest.loader._FailedTest.temporal.test_workflows)
----------------------------------------------------------------------
ImportError: Failed to import test module: temporal.test_workflows
Traceback (most recent call last):
  File "C:\Users\Quencher\AppData\Local\Programs\Python\Python312\Lib\unittest\loader.py", line 396, in _find_test_path
    module = self._get_module_from_name(name)
             ^^^^^^^^^^^^^^^^^^^^^^^^^^^^^^^^
  File "C:\Users\Quencher\AppData\Local\Programs\Python\Python312\Lib\unittest\loader.py", line 339, in _get_module_from_name
    __import__(name)
  File "C:\Users\Quencher\.gemini\antigravity\scratch\sovereign-repos\Project-AI\tests\temporal\test_workflows.py", line 7, in <module>
    from app.temporal.workflows import (
ModuleNotFoundError: No module named 'app'


======================================================================
ERROR: test_100_percent_coverage (unittest.loader._FailedTest.test_100_percent_coverage)
----------------------------------------------------------------------
ImportError: Failed to import test module: test_100_percent_coverage
Traceback (most recent call last):
  File "C:\Users\Quencher\AppData\Local\Programs\Python\Python312\Lib\unittest\loader.py", line 396, in _find_test_path
    module = self._get_module_from_name(name)
             ^^^^^^^^^^^^^^^^^^^^^^^^^^^^^^^^
  File "C:\Users\Quencher\AppData\Local\Programs\Python\Python312\Lib\unittest\loader.py", line 339, in _get_module_from_name
    __import__(name)
  File "C:\Users\Quencher\.gemini\antigravity\scratch\sovereign-repos\Project-AI\tests\test_100_percent_coverage.py", line 10, in <module>
    from app.core.user_manager import UserManager
ModuleNotFoundError: No module named 'app'


======================================================================
ERROR: test_advanced_learning_systems (unittest.loader._FailedTest.test_advanced_learning_systems)
----------------------------------------------------------------------
ImportError: Failed to import test module: test_advanced_learning_systems
Traceback (most recent call last):
  File "C:\Users\Quencher\AppData\Local\Programs\Python\Python312\Lib\unittest\loader.py", line 396, in _find_test_path
    module = self._get_module_from_name(name)
             ^^^^^^^^^^^^^^^^^^^^^^^^^^^^^^^^
  File "C:\Users\Quencher\AppData\Local\Programs\Python\Python312\Lib\unittest\loader.py", line 339, in _get_module_from_name
    __import__(name)
  File "C:\Users\Quencher\.gemini\antigravity\scratch\sovereign-repos\Project-AI\tests\test_advanced_learning_systems.py", line 13, in <module>
    from app.core.advanced_learning_systems import (
ModuleNotFoundError: No module named 'app'


======================================================================
ERROR: test_agents_pipeline (unittest.loader._FailedTest.test_agents_pipeline)
----------------------------------------------------------------------
ImportError: Failed to import test module: test_agents_pipeline
Traceback (most recent call last):
  File "C:\Users\Quencher\AppData\Local\Programs\Python\Python312\Lib\unittest\loader.py", line 396, in _find_test_path
    module = self._get_module_from_name(name)
             ^^^^^^^^^^^^^^^^^^^^^^^^^^^^^^^^
  File "C:\Users\Quencher\AppData\Local\Programs\Python\Python312\Lib\unittest\loader.py", line 339, in _get_module_from_name
    __import__(name)
  File "C:\Users\Quencher\.gemini\antigravity\scratch\sovereign-repos\Project-AI\tests\test_agents_pipeline.py", line 3, in <module>
    from app.core.council_hub import CouncilHub
  File "C:\Users\Quencher\.gemini\antigravity\scratch\sovereign-repos\Project-AI\src\app\core\council_hub.py", line 13, in <module>
    from src.app.agents.ci_checker_agent import CICheckerAgent
  File "C:\Users\Quencher\.gemini\antigravity\scratch\sovereign-repos\Project-AI\src\app\agents\__init__.py", line 21, in <module>
    from .border_patrol import (
  File "C:\Users\Quencher\.gemini\antigravity\scratch\sovereign-repos\Project-AI\src\app\agents\border_patrol.py", line 14, in <module>
    from app.agents.dependency_auditor import DependencyAuditor
  File "C:\Users\Quencher\.gemini\antigravity\scratch\sovereign-repos\Project-AI\src\app\agents\__init__.py", line 21, in <module>
    from .border_patrol import (
  File "C:\Users\Quencher\.gemini\antigravity\scratch\sovereign-repos\Project-AI\src\app\agents\border_patrol.py", line 14, in <module>
    from app.agents.dependency_auditor import DependencyAuditor
  File "C:\Users\Quencher\.gemini\antigravity\scratch\sovereign-repos\Project-AI\src\app\agents\dependency_auditor.py", line 22, in <module>
    from app.core.kernel_integration import KernelRoutedAgent
  File "C:\Users\Quencher\.gemini\antigravity\scratch\sovereign-repos\Project-AI\src\app\core\kernel_integration.py", line 144, in <module>
    class KernelRoutedAgent(CouncilMemberInterface):
  File "C:\Users\Quencher\.gemini\antigravity\scratch\sovereign-repos\Project-AI\src\app\core\kernel_integration.py", line 156, in KernelRoutedAgent
    def execute_action(self, action_name: str, params: Dict[str, Any]) -> Any:
                                                       ^^^^
NameError: name 'Dict' is not defined. Did you mean: 'dict'?


======================================================================
ERROR: test_backend_client_extended (unittest.loader._FailedTest.test_backend_client_extended)
----------------------------------------------------------------------
ImportError: Failed to import test module: test_backend_client_extended
Traceback (most recent call last):
  File "C:\Users\Quencher\AppData\Local\Programs\Python\Python312\Lib\unittest\loader.py", line 396, in _find_test_path
    module = self._get_module_from_name(name)
             ^^^^^^^^^^^^^^^^^^^^^^^^^^^^^^^^
  File "C:\Users\Quencher\AppData\Local\Programs\Python\Python312\Lib\unittest\loader.py", line 339, in _get_module_from_name
    __import__(name)
  File "C:\Users\Quencher\.gemini\antigravity\scratch\sovereign-repos\Project-AI\tests\test_backend_client_extended.py", line 3
    ∩╗┐"""Extended tests for BackendAPIClient (20+)."""
    ^
SyntaxError: invalid non-printable character U+FEFF


======================================================================
ERROR: test_boundary (unittest.loader._FailedTest.test_boundary)
----------------------------------------------------------------------
ImportError: Failed to import test module: test_boundary
Traceback (most recent call last):
  File "C:\Users\Quencher\AppData\Local\Programs\Python\Python312\Lib\unittest\loader.py", line 396, in _find_test_path
    module = self._get_module_from_name(name)
             ^^^^^^^^^^^^^^^^^^^^^^^^^^^^^^^^
  File "C:\Users\Quencher\AppData\Local\Programs\Python\Python312\Lib\unittest\loader.py", line 339, in _get_module_from_name
    __import__(name)
  File "C:\Users\Quencher\.gemini\antigravity\scratch\sovereign-repos\Project-AI\tests\test_boundary.py", line 5, in <module>
    from cognition.boundary import enforce_boundary
ModuleNotFoundError: No module named 'cognition.boundary'


======================================================================
ERROR: test_command_override_extended (unittest.loader._FailedTest.test_command_override_extended)
----------------------------------------------------------------------
ImportError: Failed to import test module: test_command_override_extended
Traceback (most recent call last):
  File "C:\Users\Quencher\AppData\Local\Programs\Python\Python312\Lib\unittest\loader.py", line 396, in _find_test_path
    module = self._get_module_from_name(name)
             ^^^^^^^^^^^^^^^^^^^^^^^^^^^^^^^^
  File "C:\Users\Quencher\AppData\Local\Programs\Python\Python312\Lib\unittest\loader.py", line 339, in _get_module_from_name
    __import__(name)
  File "C:\Users\Quencher\.gemini\antigravity\scratch\sovereign-repos\Project-AI\tests\test_command_override_extended.py", line 3
    ∩╗┐"""Extended tests for CommandOverrideSystem and the adapter (20+ cases)."""
    ^
SyntaxError: invalid non-printable character U+FEFF


======================================================================
ERROR: test_contrarian_firewall (unittest.loader._FailedTest.test_contrarian_firewall)
----------------------------------------------------------------------
ImportError: Failed to import test module: test_contrarian_firewall
Traceback (most recent call last):
  File "C:\Users\Quencher\AppData\Local\Programs\Python\Python312\Lib\unittest\loader.py", line 396, in _find_test_path
    module = self._get_module_from_name(name)
             ^^^^^^^^^^^^^^^^^^^^^^^^^^^^^^^^
  File "C:\Users\Quencher\AppData\Local\Programs\Python\Python312\Lib\unittest\loader.py", line 339, in _get_module_from_name
    __import__(name)
  File "C:\Users\Quencher\.gemini\antigravity\scratch\sovereign-repos\Project-AI\tests\test_contrarian_firewall.py", line 22, in <module>
    pytest.importorskip(
  File "C:\Users\Quencher\AppData\Local\Programs\Python\Python312\Lib\site-packages\_pytest\outcomes.py", line 296, in importorskip
    raise Skipped(reason, allow_module_level=True) from None
Skipped: integrations.thirsty_lang_security source package not implemented


======================================================================
ERROR: test_council_hub (unittest.loader._FailedTest.test_council_hub)
----------------------------------------------------------------------
ImportError: Failed to import test module: test_council_hub
Traceback (most recent call last):
  File "C:\Users\Quencher\AppData\Local\Programs\Python\Python312\Lib\unittest\loader.py", line 396, in _find_test_path
    module = self._get_module_from_name(name)
             ^^^^^^^^^^^^^^^^^^^^^^^^^^^^^^^^
  File "C:\Users\Quencher\AppData\Local\Programs\Python\Python312\Lib\unittest\loader.py", line 339, in _get_module_from_name
    __import__(name)
  File "C:\Users\Quencher\.gemini\antigravity\scratch\sovereign-repos\Project-AI\tests\test_council_hub.py", line 7, in <module>
    from app.core.council_hub import CouncilHub, get_council_hub
  File "C:\Users\Quencher\.gemini\antigravity\scratch\sovereign-repos\Project-AI\src\app\core\council_hub.py", line 13, in <module>
    from src.app.agents.ci_checker_agent import CICheckerAgent
  File "C:\Users\Quencher\.gemini\antigravity\scratch\sovereign-repos\Project-AI\src\app\agents\ci_checker_agent.py", line 29, in <module>
    from src.app.core.kernel_integration import KernelRoutedAgent
  File "C:\Users\Quencher\.gemini\antigravity\scratch\sovereign-repos\Project-AI\src\app\core\kernel_integration.py", line 144, in <module>
    class KernelRoutedAgent(CouncilMemberInterface):
  File "C:\Users\Quencher\.gemini\antigravity\scratch\sovereign-repos\Project-AI\src\app\core\kernel_integration.py", line 156, in KernelRoutedAgent
    def execute_action(self, action_name: str, params: Dict[str, Any]) -> Any:
                                                       ^^^^
NameError: name 'Dict' is not defined. Did you mean: 'dict'?


======================================================================
ERROR: test_council_hub_integration (unittest.loader._FailedTest.test_council_hub_integration)
----------------------------------------------------------------------
ImportError: Failed to import test module: test_council_hub_integration
Traceback (most recent call last):
  File "C:\Users\Quencher\AppData\Local\Programs\Python\Python312\Lib\unittest\loader.py", line 396, in _find_test_path
    module = self._get_module_from_name(name)
             ^^^^^^^^^^^^^^^^^^^^^^^^^^^^^^^^
  File "C:\Users\Quencher\AppData\Local\Programs\Python\Python312\Lib\unittest\loader.py", line 339, in _get_module_from_name
    __import__(name)
  File "C:\Users\Quencher\.gemini\antigravity\scratch\sovereign-repos\Project-AI\tests\test_council_hub_integration.py", line 3, in <module>
    from app.core.council_hub import CouncilHub
  File "C:\Users\Quencher\.gemini\antigravity\scratch\sovereign-repos\Project-AI\src\app\core\council_hub.py", line 13, in <module>
    from src.app.agents.ci_checker_agent import CICheckerAgent
  File "C:\Users\Quencher\.gemini\antigravity\scratch\sovereign-repos\Project-AI\src\app\agents\ci_checker_agent.py", line 29, in <module>
    from src.app.core.kernel_integration import KernelRoutedAgent
  File "C:\Users\Quencher\.gemini\antigravity\scratch\sovereign-repos\Project-AI\src\app\core\kernel_integration.py", line 144, in <module>
    class KernelRoutedAgent(CouncilMemberInterface):
  File "C:\Users\Quencher\.gemini\antigravity\scratch\sovereign-repos\Project-AI\src\app\core\kernel_integration.py", line 156, in KernelRoutedAgent
    def execute_action(self, action_name: str, params: Dict[str, Any]) -> Any:
                                                       ^^^^
NameError: name 'Dict' is not defined. Did you mean: 'dict'?


======================================================================
ERROR: test_data_analysis_extended (unittest.loader._FailedTest.test_data_analysis_extended)
----------------------------------------------------------------------
ImportError: Failed to import test module: test_data_analysis_extended
Traceback (most recent call last):
  File "C:\Users\Quencher\AppData\Local\Programs\Python\Python312\Lib\unittest\loader.py", line 396, in _find_test_path
    module = self._get_module_from_name(name)
             ^^^^^^^^^^^^^^^^^^^^^^^^^^^^^^^^
  File "C:\Users\Quencher\AppData\Local\Programs\Python\Python312\Lib\unittest\loader.py", line 339, in _get_module_from_name
    __import__(name)
  File "C:\Users\Quencher\.gemini\antigravity\scratch\sovereign-repos\Project-AI\tests\test_data_analysis_extended.py", line 3
    ∩╗┐"""Extended tests for DataAnalyzer (20+)."""
    ^
SyntaxError: invalid non-printable character U+FEFF


======================================================================
ERROR: test_enterprise_tier_asymmetric_security (unittest.loader._FailedTest.test_enterprise_tier_asymmetric_security)
----------------------------------------------------------------------
ImportError: Failed to import test module: test_enterprise_tier_asymmetric_security
Traceback (most recent call last):
  File "C:\Users\Quencher\AppData\Local\Programs\Python\Python312\Lib\unittest\loader.py", line 396, in _find_test_path
    module = self._get_module_from_name(name)
             ^^^^^^^^^^^^^^^^^^^^^^^^^^^^^^^^
  File "C:\Users\Quencher\AppData\Local\Programs\Python\Python312\Lib\unittest\loader.py", line 339, in _get_module_from_name
    __import__(name)
  File "C:\Users\Quencher\.gemini\antigravity\scratch\sovereign-repos\Project-AI\tests\test_enterprise_tier_asymmetric_security.py", line 20, in <module>
    from src.app.core.Enterprise_Tier_asymmetric_security import (
ModuleNotFoundError: No module named 'src.app.core.Enterprise_Tier_asymmetric_security'


======================================================================
ERROR: test_enterprise_tier_expansion (unittest.loader._FailedTest.test_enterprise_tier_expansion)
----------------------------------------------------------------------
ImportError: Failed to import test module: test_enterprise_tier_expansion
Traceback (most recent call last):
  File "C:\Users\Quencher\AppData\Local\Programs\Python\Python312\Lib\unittest\loader.py", line 396, in _find_test_path
    module = self._get_module_from_name(name)
             ^^^^^^^^^^^^^^^^^^^^^^^^^^^^^^^^
  File "C:\Users\Quencher\AppData\Local\Programs\Python\Python312\Lib\unittest\loader.py", line 339, in _get_module_from_name
    __import__(name)
  File "C:\Users\Quencher\.gemini\antigravity\scratch\sovereign-repos\Project-AI\tests\test_enterprise_tier_expansion.py", line 37, in <module>
    from src.app.core.Enterprise_Tier_integration_layer import (
ModuleNotFoundError: No module named 'src.app.core.Enterprise_Tier_integration_layer'


======================================================================
ERROR: test_enterprise_tier_system (unittest.loader._FailedTest.test_enterprise_tier_system)
----------------------------------------------------------------------
ImportError: Failed to import test module: test_enterprise_tier_system
Traceback (most recent call last):
  File "C:\Users\Quencher\AppData\Local\Programs\Python\Python312\Lib\unittest\loader.py", line 396, in _find_test_path
    module = self._get_module_from_name(name)
             ^^^^^^^^^^^^^^^^^^^^^^^^^^^^^^^^
  File "C:\Users\Quencher\AppData\Local\Programs\Python\Python312\Lib\unittest\loader.py", line 339, in _get_module_from_name
    __import__(name)
  File "C:\Users\Quencher\.gemini\antigravity\scratch\sovereign-repos\Project-AI\tests\test_enterprise_tier_system.py", line 26, in <module>
    from src.app.core.Enterprise_Tier_config import ConfigurationManager, GodTierConfig
ModuleNotFoundError: No module named 'src.app.core.Enterprise_Tier_config'


======================================================================
ERROR: test_enterprise_tier_systems (unittest.loader._FailedTest.test_enterprise_tier_systems)
----------------------------------------------------------------------
ImportError: Failed to import test module: test_enterprise_tier_systems
Traceback (most recent call last):
  File "C:\Users\Quencher\AppData\Local\Programs\Python\Python312\Lib\unittest\loader.py", line 396, in _find_test_path
    module = self._get_module_from_name(name)
             ^^^^^^^^^^^^^^^^^^^^^^^^^^^^^^^^
  File "C:\Users\Quencher\AppData\Local\Programs\Python\Python312\Lib\unittest\loader.py", line 339, in _get_module_from_name
    __import__(name)
  File "C:\Users\Quencher\.gemini\antigravity\scratch\sovereign-repos\Project-AI\tests\test_enterprise_tier_systems.py", line 31, in <module>
    from src.app.core.polyglot_execution import (
  File "C:\Users\Quencher\.gemini\antigravity\scratch\sovereign-repos\Project-AI\src\app\core\polyglot_execution.py", line 56, in <module>
    import torch
  File "C:\Users\Quencher\AppData\Local\Programs\Python\Python312\Lib\site-packages\torch\__init__.py", line 280, in <module>
    _load_dll_libraries()
  File "C:\Users\Quencher\AppData\Local\Programs\Python\Python312\Lib\site-packages\torch\__init__.py", line 263, in _load_dll_libraries
    raise err
OSError: [WinError 1114] A dynamic link library (DLL) initialization routine failed. Error loading "C:\Users\Quencher\AppData\Local\Programs\Python\Python312\Lib\site-packages\torch\lib\c10.dll" or one of its dependencies.


======================================================================
ERROR: test_extract_with_permissions (unittest.loader._FailedTest.test_extract_with_permissions)
----------------------------------------------------------------------
ImportError: Failed to import test module: test_extract_with_permissions
Traceback (most recent call last):
  File "C:\Users\Quencher\AppData\Local\Programs\Python\Python312\Lib\unittest\loader.py", line 396, in _find_test_path
    module = self._get_module_from_name(name)
             ^^^^^^^^^^^^^^^^^^^^^^^^^^^^^^^^
  File "C:\Users\Quencher\AppData\Local\Programs\Python\Python312\Lib\unittest\loader.py", line 339, in _get_module_from_name
    __import__(name)
  File "C:\Users\Quencher\.gemini\antigravity\scratch\sovereign-repos\Project-AI\tests\test_extract_with_permissions.py", line 10, in <module>
    from extract_with_permissions import extract_with_permissions
ModuleNotFoundError: No module named 'extract_with_permissions'


======================================================================
ERROR: test_four_laws_stress (unittest.loader._FailedTest.test_four_laws_stress)
----------------------------------------------------------------------
ImportError: Failed to import test module: test_four_laws_stress
Traceback (most recent call last):
  File "C:\Users\Quencher\AppData\Local\Programs\Python\Python312\Lib\unittest\loader.py", line 396, in _find_test_path
    module = self._get_module_from_name(name)
             ^^^^^^^^^^^^^^^^^^^^^^^^^^^^^^^^
  File "C:\Users\Quencher\AppData\Local\Programs\Python\Python312\Lib\unittest\loader.py", line 339, in _get_module_from_name
    __import__(name)
  File "C:\Users\Quencher\.gemini\antigravity\scratch\sovereign-repos\Project-AI\tests\test_four_laws_stress.py", line 3
    ∩╗┐"""Stress tests for FourLaws: 100 scenarios across key context combinations.
    ^
SyntaxError: invalid non-printable character U+FEFF


======================================================================
ERROR: test_god_tier_systems (unittest.loader._FailedTest.test_god_tier_systems)
----------------------------------------------------------------------
ImportError: Failed to import test module: test_god_tier_systems
Traceback (most recent call last):
  File "C:\Users\Quencher\AppData\Local\Programs\Python\Python312\Lib\unittest\loader.py", line 396, in _find_test_path
    module = self._get_module_from_name(name)
             ^^^^^^^^^^^^^^^^^^^^^^^^^^^^^^^^
  File "C:\Users\Quencher\AppData\Local\Programs\Python\Python312\Lib\unittest\loader.py", line 339, in _get_module_from_name
    __import__(name)
  File "C:\Users\Quencher\.gemini\antigravity\scratch\sovereign-repos\Project-AI\tests\test_god_tier_systems.py", line 24, in <module>
    from app.core.polyglot_execution import (
  File "C:\Users\Quencher\.gemini\antigravity\scratch\sovereign-repos\Project-AI\src\app\core\polyglot_execution.py", line 56, in <module>
    import torch
  File "C:\Users\Quencher\AppData\Local\Programs\Python\Python312\Lib\site-packages\torch\__init__.py", line 280, in <module>
    _load_dll_libraries()
  File "C:\Users\Quencher\AppData\Local\Programs\Python\Python312\Lib\site-packages\torch\__init__.py", line 263, in _load_dll_libraries
    raise err
OSError: [WinError 1114] A dynamic link library (DLL) initialization routine failed. Error loading "C:\Users\Quencher\AppData\Local\Programs\Python\Python312\Lib\site-packages\torch\lib\c10.dll" or one of its dependencies.


======================================================================
ERROR: test_hydra_50_engine (unittest.loader._FailedTest.test_hydra_50_engine)
----------------------------------------------------------------------
ImportError: Failed to import test module: test_hydra_50_engine
Traceback (most recent call last):
  File "C:\Users\Quencher\AppData\Local\Programs\Python\Python312\Lib\unittest\loader.py", line 396, in _find_test_path
    module = self._get_module_from_name(name)
             ^^^^^^^^^^^^^^^^^^^^^^^^^^^^^^^^
  File "C:\Users\Quencher\AppData\Local\Programs\Python\Python312\Lib\unittest\loader.py", line 339, in _get_module_from_name
    __import__(name)
  File "C:\Users\Quencher\.gemini\antigravity\scratch\sovereign-repos\Project-AI\tests\test_hydra_50_engine.py", line 19, in <module>
    from app.core.hydra_50_engine import (
  File "C:\Users\Quencher\.gemini\antigravity\scratch\sovereign-repos\Project-AI\src\app\core\hydra_50_engine.py", line 34, in <module>
    from security.asymmetric_security import SecurityContext, SecurityEnforcementGateway
ModuleNotFoundError: No module named 'security.asymmetric_security'


======================================================================
ERROR: test_hydra_guard (unittest.loader._FailedTest.test_hydra_guard)
----------------------------------------------------------------------
ImportError: Failed to import test module: test_hydra_guard
Traceback (most recent call last):
  File "C:\Users\Quencher\AppData\Local\Programs\Python\Python312\Lib\unittest\loader.py", line 396, in _find_test_path
    module = self._get_module_from_name(name)
             ^^^^^^^^^^^^^^^^^^^^^^^^^^^^^^^^
  File "C:\Users\Quencher\AppData\Local\Programs\Python\Python312\Lib\unittest\loader.py", line 339, in _get_module_from_name
    __import__(name)
  File "C:\Users\Quencher\.gemini\antigravity\scratch\sovereign-repos\Project-AI\tests\test_hydra_guard.py", line 5, in <module>
    from cognition.hydra_guard import hydra_check
ModuleNotFoundError: No module named 'cognition.hydra_guard'


======================================================================
ERROR: test_image_generator_extended (unittest.loader._FailedTest.test_image_generator_extended)
----------------------------------------------------------------------
ImportError: Failed to import test module: test_image_generator_extended
Traceback (most recent call last):
  File "C:\Users\Quencher\AppData\Local\Programs\Python\Python312\Lib\unittest\loader.py", line 396, in _find_test_path
    module = self._get_module_from_name(name)
             ^^^^^^^^^^^^^^^^^^^^^^^^^^^^^^^^
  File "C:\Users\Quencher\AppData\Local\Programs\Python\Python312\Lib\unittest\loader.py", line 339, in _get_module_from_name
    __import__(name)
  File "C:\Users\Quencher\.gemini\antigravity\scratch\sovereign-repos\Project-AI\tests\test_image_generator_extended.py", line 3
    ∩╗┐"""Extended tests for ImageGenerator (20+)."""
    ^
SyntaxError: invalid non-printable character U+FEFF


======================================================================
ERROR: test_integration_pipeline_blocking (unittest.loader._FailedTest.test_integration_pipeline_blocking)
----------------------------------------------------------------------
ImportError: Failed to import test module: test_integration_pipeline_blocking
Traceback (most recent call last):
  File "C:\Users\Quencher\AppData\Local\Programs\Python\Python312\Lib\unittest\loader.py", line 396, in _find_test_path
    module = self._get_module_from_name(name)
             ^^^^^^^^^^^^^^^^^^^^^^^^^^^^^^^^
  File "C:\Users\Quencher\AppData\Local\Programs\Python\Python312\Lib\unittest\loader.py", line 339, in _get_module_from_name
    __import__(name)
  File "C:\Users\Quencher\.gemini\antigravity\scratch\sovereign-repos\Project-AI\tests\test_integration_pipeline_blocking.py", line 4, in <module>
    from app.core.council_hub import CouncilHub
  File "C:\Users\Quencher\.gemini\antigravity\scratch\sovereign-repos\Project-AI\src\app\core\council_hub.py", line 13, in <module>
    from src.app.agents.ci_checker_agent import CICheckerAgent
  File "C:\Users\Quencher\.gemini\antigravity\scratch\sovereign-repos\Project-AI\src\app\agents\ci_checker_agent.py", line 29, in <module>
    from src.app.core.kernel_integration import KernelRoutedAgent
  File "C:\Users\Quencher\.gemini\antigravity\scratch\sovereign-repos\Project-AI\src\app\core\kernel_integration.py", line 144, in <module>
    class KernelRoutedAgent(CouncilMemberInterface):
  File "C:\Users\Quencher\.gemini\antigravity\scratch\sovereign-repos\Project-AI\src\app\core\kernel_integration.py", line 156, in KernelRoutedAgent
    def execute_action(self, action_name: str, params: Dict[str, Any]) -> Any:
                                                       ^^^^
NameError: name 'Dict' is not defined. Did you mean: 'dict'?


======================================================================
ERROR: test_invariants (unittest.loader._FailedTest.test_invariants)
----------------------------------------------------------------------
ImportError: Failed to import test module: test_invariants
Traceback (most recent call last):
  File "C:\Users\Quencher\AppData\Local\Programs\Python\Python312\Lib\unittest\loader.py", line 396, in _find_test_path
    module = self._get_module_from_name(name)
             ^^^^^^^^^^^^^^^^^^^^^^^^^^^^^^^^
  File "C:\Users\Quencher\AppData\Local\Programs\Python\Python312\Lib\unittest\loader.py", line 339, in _get_module_from_name
    __import__(name)
  File "C:\Users\Quencher\.gemini\antigravity\scratch\sovereign-repos\Project-AI\tests\test_invariants.py", line 3, in <module>
    from cognition.invariants import *
ModuleNotFoundError: No module named 'cognition.invariants'


======================================================================
ERROR: test_irreversibility_locks (unittest.loader._FailedTest.test_irreversibility_locks)
----------------------------------------------------------------------
ImportError: Failed to import test module: test_irreversibility_locks
Traceback (most recent call last):
  File "C:\Users\Quencher\AppData\Local\Programs\Python\Python312\Lib\unittest\loader.py", line 396, in _find_test_path
    module = self._get_module_from_name(name)
             ^^^^^^^^^^^^^^^^^^^^^^^^^^^^^^^^
  File "C:\Users\Quencher\AppData\Local\Programs\Python\Python312\Lib\unittest\loader.py", line 339, in _get_module_from_name
    __import__(name)
  File "C:\Users\Quencher\.gemini\antigravity\scratch\sovereign-repos\Project-AI\tests\test_irreversibility_locks.py", line 18, in <module>
    from app.core.hydra_50_engine import (
  File "C:\Users\Quencher\.gemini\antigravity\scratch\sovereign-repos\Project-AI\src\app\core\hydra_50_engine.py", line 34, in <module>
    from security.asymmetric_security import SecurityContext, SecurityEnforcementGateway
ModuleNotFoundError: No module named 'security.asymmetric_security'


======================================================================
ERROR: test_learning_requests_extended (unittest.loader._FailedTest.test_learning_requests_extended)
----------------------------------------------------------------------
ImportError: Failed to import test module: test_learning_requests_extended
Traceback (most recent call last):
  File "C:\Users\Quencher\AppData\Local\Programs\Python\Python312\Lib\unittest\loader.py", line 396, in _find_test_path
    module = self._get_module_from_name(name)
             ^^^^^^^^^^^^^^^^^^^^^^^^^^^^^^^^
  File "C:\Users\Quencher\AppData\Local\Programs\Python\Python312\Lib\unittest\loader.py", line 339, in _get_module_from_name
    __import__(name)
  File "C:\Users\Quencher\.gemini\antigravity\scratch\sovereign-repos\Project-AI\tests\test_learning_requests_extended.py", line 3
    ∩╗┐"""Extended tests for LearningRequestManager (20+ cases).
    ^
SyntaxError: invalid non-printable character U+FEFF


======================================================================
ERROR: test_liara_temporal (unittest.loader._FailedTest.test_liara_temporal)
----------------------------------------------------------------------
ImportError: Failed to import test module: test_liara_temporal
Traceback (most recent call last):
  File "C:\Users\Quencher\AppData\Local\Programs\Python\Python312\Lib\unittest\loader.py", line 396, in _find_test_path
    module = self._get_module_from_name(name)
             ^^^^^^^^^^^^^^^^^^^^^^^^^^^^^^^^
  File "C:\Users\Quencher\AppData\Local\Programs\Python\Python312\Lib\unittest\loader.py", line 339, in _get_module_from_name
    __import__(name)
  File "C:\Users\Quencher\.gemini\antigravity\scratch\sovereign-repos\Project-AI\tests\test_liara_temporal.py", line 5, in <module>
    from cognition.kernel_liara import maybe_activate_liara, restore_pillar
ModuleNotFoundError: No module named 'cognition.kernel_liara'


======================================================================
ERROR: test_memory_extended (unittest.loader._FailedTest.test_memory_extended)
----------------------------------------------------------------------
ImportError: Failed to import test module: test_memory_extended
Traceback (most recent call last):
  File "C:\Users\Quencher\AppData\Local\Programs\Python\Python312\Lib\unittest\loader.py", line 396, in _find_test_path
    module = self._get_module_from_name(name)
             ^^^^^^^^^^^^^^^^^^^^^^^^^^^^^^^^
  File "C:\Users\Quencher\AppData\Local\Programs\Python\Python312\Lib\unittest\loader.py", line 339, in _get_module_from_name
    __import__(name)
  File "C:\Users\Quencher\.gemini\antigravity\scratch\sovereign-repos\Project-AI\tests\test_memory_extended.py", line 3
    ∩╗┐"""Extended test suite for MemoryExpansionSystem with 20+ tests.
    ^
SyntaxError: invalid non-printable character U+FEFF


======================================================================
ERROR: test_persona_extended (unittest.loader._FailedTest.test_persona_extended)
----------------------------------------------------------------------
ImportError: Failed to import test module: test_persona_extended
Traceback (most recent call last):
  File "C:\Users\Quencher\AppData\Local\Programs\Python\Python312\Lib\unittest\loader.py", line 396, in _find_test_path
    module = self._get_module_from_name(name)
             ^^^^^^^^^^^^^^^^^^^^^^^^^^^^^^^^
  File "C:\Users\Quencher\AppData\Local\Programs\Python\Python312\Lib\unittest\loader.py", line 339, in _get_module_from_name
    __import__(name)
  File "C:\Users\Quencher\.gemini\antigravity\scratch\sovereign-repos\Project-AI\tests\test_persona_extended.py", line 3
    ∩╗┐"""Extended test suite for AIPersona.
    ^
SyntaxError: invalid non-printable character U+FEFF


======================================================================
ERROR: test_policy_guard (unittest.loader._FailedTest.test_policy_guard)
----------------------------------------------------------------------
ImportError: Failed to import test module: test_policy_guard
Traceback (most recent call last):
  File "C:\Users\Quencher\AppData\Local\Programs\Python\Python312\Lib\unittest\loader.py", line 396, in _find_test_path
    module = self._get_module_from_name(name)
             ^^^^^^^^^^^^^^^^^^^^^^^^^^^^^^^^
  File "C:\Users\Quencher\AppData\Local\Programs\Python\Python312\Lib\unittest\loader.py", line 339, in _get_module_from_name
    __import__(name)
  File "C:\Users\Quencher\.gemini\antigravity\scratch\sovereign-repos\Project-AI\tests\test_policy_guard.py", line 21, in <module>
    from policies.policy_guard import enforce_policy  # noqa: E402
    ^^^^^^^^^^^^^^^^^^^^^^^^^^^^^^^^^^^^^^^^^^^^^^^^
  File "C:\Users\Quencher\.gemini\antigravity\scratch\sovereign-repos\Project-AI\policies\policy_guard.py", line 8, in <module>
    from cognition.audit import audit
ModuleNotFoundError: No module named 'cognition.audit'


======================================================================
ERROR: test_dataset_versioning (test_security_agents_validation.DataIntegrityTests.test_dataset_versioning)
Verify dataset version tracking.
----------------------------------------------------------------------
Traceback (most recent call last):
  File "C:\Users\Quencher\.gemini\antigravity\scratch\sovereign-repos\Project-AI\tests\test_security_agents_validation.py", line 328, in test_dataset_versioning
    with open(version_file, "w") as f:
         ^^^^^^^^^^^^^^^^^^^^^^^
FileNotFoundError: [Errno 2] No such file or directory: '/home/runner/work/Project-AI/Project-AI/adversarial_tests/dataset_versions.json'

======================================================================
ERROR: test_code_adversary_smoke (test_security_agents_validation.SecurityAgentsSmokeTests.test_code_adversary_smoke)
Smoke test: CodeAdversaryAgent vulnerability scanning.
----------------------------------------------------------------------
Traceback (most recent call last):
  File "C:\Users\Quencher\.gemini\antigravity\scratch\sovereign-repos\Project-AI\tests\test_security_agents_validation.py", line 124, in test_code_adversary_smoke
    agent = CodeAdversaryAgent(
            ^^^^^^^^^^^^^^^^^^^
TypeError: CodeAdversaryAgent.__init__() got an unexpected keyword argument 'data_dir'

======================================================================
ERROR: test_constitutional_guardrail_smoke (test_security_agents_validation.SecurityAgentsSmokeTests.test_constitutional_guardrail_smoke)
Smoke test: ConstitutionalGuardrailAgent review.
----------------------------------------------------------------------
Traceback (most recent call last):
  File "C:\Users\Quencher\.gemini\antigravity\scratch\sovereign-repos\Project-AI\tests\test_security_agents_validation.py", line 108, in test_constitutional_guardrail_smoke
    agent = ConstitutionalGuardrailAgent(data_dir=str(self.test_data_dir))
            ^^^^^^^^^^^^^^^^^^^^^^^^^^^^^^^^^^^^^^^^^^^^^^^^^^^^^^^^^^^^^^
TypeError: ConstitutionalGuardrailAgent.__init__() got an unexpected keyword argument 'data_dir'

======================================================================
ERROR: test_jailbreak_bench_agent_smoke (test_security_agents_validation.SecurityAgentsSmokeTests.test_jailbreak_bench_agent_smoke)
Smoke test: JailbreakBenchAgent initialization and benchmark run.
----------------------------------------------------------------------
Traceback (most recent call last):
  File "C:\Users\Quencher\.gemini\antigravity\scratch\sovereign-repos\Project-AI\tests\test_security_agents_validation.py", line 78, in test_jailbreak_bench_agent_smoke
    results = agent.run_benchmark(mock_target, max_tests=5)
              ^^^^^^^^^^^^^^^^^^^^^^^^^^^^^^^^^^^^^^^^^^^^^
  File "C:\Users\Quencher\.gemini\antigravity\scratch\sovereign-repos\Project-AI\src\app\agents\jailbreak_bench_agent.py", line 148, in run_benchmark
    return self._execute_through_kernel(
           ^^^^^^^^^^^^^^^^^^^^^^^^^^^^
AttributeError: 'JailbreakBenchAgent' object has no attribute '_execute_through_kernel'

======================================================================
ERROR: test_long_context_agent_smoke (test_security_agents_validation.SecurityAgentsSmokeTests.test_long_context_agent_smoke)
Smoke test: LongContextAgent initialization and basic operation.
----------------------------------------------------------------------
Traceback (most recent call last):
  File "C:\Users\Quencher\.gemini\antigravity\scratch\sovereign-repos\Project-AI\tests\test_security_agents_validation.py", line 38, in test_long_context_agent_smoke
    agent = LongContextAgent(data_dir=str(self.test_data_dir))
            ^^^^^^^^^^^^^^^^^^^^^^^^^^^^^^^^^^^^^^^^^^^^^^^^^^
TypeError: LongContextAgent.__init__() got an unexpected keyword argument 'data_dir'

======================================================================
ERROR: test_red_team_agent_smoke (test_security_agents_validation.SecurityAgentsSmokeTests.test_red_team_agent_smoke)
Smoke test: RedTeamAgent initialization and session.
----------------------------------------------------------------------
Traceback (most recent call last):
  File "C:\Users\Quencher\.gemini\antigravity\scratch\sovereign-repos\Project-AI\tests\test_security_agents_validation.py", line 94, in test_red_team_agent_smoke
    session = agent.run_adversarial_session(
              ^^^^^^^^^^^^^^^^^^^^^^^^^^^^^^
TypeError: RedTeamAgent.run_adversarial_session() got an unexpected keyword argument 'max_turns'

======================================================================
ERROR: test_red_team_persona_smoke (test_security_agents_validation.SecurityAgentsSmokeTests.test_red_team_persona_smoke)
Smoke test: RedTeamPersonaAgent attack execution.
----------------------------------------------------------------------
Traceback (most recent call last):
  File "C:\Users\Quencher\.gemini\antigravity\scratch\sovereign-repos\Project-AI\tests\test_security_agents_validation.py", line 146, in test_red_team_persona_smoke
    agent = RedTeamPersonaAgent(data_dir=str(self.test_data_dir))
            ^^^^^^^^^^^^^^^^^^^^^^^^^^^^^^^^^^^^^^^^^^^^^^^^^^^^^
TypeError: RedTeamPersonaAgent.__init__() got an unexpected keyword argument 'data_dir'

======================================================================
ERROR: test_safety_guard_agent_smoke (test_security_agents_validation.SecurityAgentsSmokeTests.test_safety_guard_agent_smoke)
Smoke test: SafetyGuardAgent initialization and filtering.
----------------------------------------------------------------------
Traceback (most recent call last):
  File "C:\Users\Quencher\.gemini\antigravity\scratch\sovereign-repos\Project-AI\tests\test_security_agents_validation.py", line 52, in test_safety_guard_agent_smoke
    agent = SafetyGuardAgent(data_dir=str(self.test_data_dir))
            ^^^^^^^^^^^^^^^^^^^^^^^^^^^^^^^^^^^^^^^^^^^^^^^^^^
TypeError: SafetyGuardAgent.__init__() got an unexpected keyword argument 'data_dir'

======================================================================
ERROR: test_red_team_campaign_reproducibility (test_security_agents_validation.TestReproducibilityTests.test_red_team_campaign_reproducibility)
Verify red team campaign can be replayed with same results.
----------------------------------------------------------------------
Traceback (most recent call last):
  File "C:\Users\Quencher\.gemini\antigravity\scratch\sovereign-repos\Project-AI\tests\test_security_agents_validation.py", line 368, in test_red_team_campaign_reproducibility
    agent = RedTeamPersonaAgent(data_dir=str(self.temp_dir))
            ^^^^^^^^^^^^^^^^^^^^^^^^^^^^^^^^^^^^^^^^^^^^^^^^
TypeError: RedTeamPersonaAgent.__init__() got an unexpected keyword argument 'data_dir'

======================================================================
ERROR: test_triumvirate_veto_cerberus (test_security_agents_validation.TriumvirateEnforcementTests.test_triumvirate_veto_cerberus)
Test CERBERUS veto on security-violating actions.
----------------------------------------------------------------------
Traceback (most recent call last):
  File "C:\Users\Quencher\AppData\Local\Programs\Python\Python312\Lib\unittest\mock.py", line 1396, in patched
    return func(*newargs, **newkeywargs)
           ^^^^^^^^^^^^^^^^^^^^^^^^^^^^^
  File "C:\Users\Quencher\.gemini\antigravity\scratch\sovereign-repos\Project-AI\tests\test_security_agents_validation.py", line 202, in test_triumvirate_veto_cerberus
    from src.app.core.council_hub import CouncilHub
  File "C:\Users\Quencher\.gemini\antigravity\scratch\sovereign-repos\Project-AI\src\app\core\council_hub.py", line 13, in <module>
    from src.app.agents.ci_checker_agent import CICheckerAgent
  File "C:\Users\Quencher\.gemini\antigravity\scratch\sovereign-repos\Project-AI\src\app\agents\ci_checker_agent.py", line 29, in <module>
    from src.app.core.kernel_integration import KernelRoutedAgent
  File "C:\Users\Quencher\.gemini\antigravity\scratch\sovereign-repos\Project-AI\src\app\core\kernel_integration.py", line 144, in <module>
    class KernelRoutedAgent(CouncilMemberInterface):
  File "C:\Users\Quencher\.gemini\antigravity\scratch\sovereign-repos\Project-AI\src\app\core\kernel_integration.py", line 156, in KernelRoutedAgent
    def execute_action(self, action_name: str, params: Dict[str, Any]) -> Any:
                                                       ^^^^
NameError: name 'Dict' is not defined. Did you mean: 'dict'?

======================================================================
ERROR: test_triumvirate_veto_codex (test_security_agents_validation.TriumvirateEnforcementTests.test_triumvirate_veto_codex)
Test CODEX DEUS MAXIMUS veto on logically inconsistent actions.
----------------------------------------------------------------------
Traceback (most recent call last):
  File "C:\Users\Quencher\AppData\Local\Programs\Python\Python312\Lib\unittest\mock.py", line 1396, in patched
    return func(*newargs, **newkeywargs)
           ^^^^^^^^^^^^^^^^^^^^^^^^^^^^^
  File "C:\Users\Quencher\.gemini\antigravity\scratch\sovereign-repos\Project-AI\tests\test_security_agents_validation.py", line 224, in test_triumvirate_veto_codex
    from src.app.core.council_hub import CouncilHub
  File "C:\Users\Quencher\.gemini\antigravity\scratch\sovereign-repos\Project-AI\src\app\core\council_hub.py", line 13, in <module>
    from src.app.agents.ci_checker_agent import CICheckerAgent
  File "C:\Users\Quencher\.gemini\antigravity\scratch\sovereign-repos\Project-AI\src\app\agents\ci_checker_agent.py", line 29, in <module>
    from src.app.core.kernel_integration import KernelRoutedAgent
  File "C:\Users\Quencher\.gemini\antigravity\scratch\sovereign-repos\Project-AI\src\app\core\kernel_integration.py", line 144, in <module>
    class KernelRoutedAgent(CouncilMemberInterface):
  File "C:\Users\Quencher\.gemini\antigravity\scratch\sovereign-repos\Project-AI\src\app\core\kernel_integration.py", line 156, in KernelRoutedAgent
    def execute_action(self, action_name: str, params: Dict[str, Any]) -> Any:
                                                       ^^^^
NameError: name 'Dict' is not defined. Did you mean: 'dict'?

======================================================================
ERROR: test_triumvirate_veto_galahad (test_security_agents_validation.TriumvirateEnforcementTests.test_triumvirate_veto_galahad)
Test GALAHAD veto on relationship-harming actions.
----------------------------------------------------------------------
Traceback (most recent call last):
  File "C:\Users\Quencher\AppData\Local\Programs\Python\Python312\Lib\unittest\mock.py", line 1396, in patched
    return func(*newargs, **newkeywargs)
           ^^^^^^^^^^^^^^^^^^^^^^^^^^^^^
  File "C:\Users\Quencher\.gemini\antigravity\scratch\sovereign-repos\Project-AI\tests\test_security_agents_validation.py", line 180, in test_triumvirate_veto_galahad
    from src.app.core.council_hub import CouncilHub
  File "C:\Users\Quencher\.gemini\antigravity\scratch\sovereign-repos\Project-AI\src\app\core\council_hub.py", line 13, in <module>
    from src.app.agents.ci_checker_agent import CICheckerAgent
  File "C:\Users\Quencher\.gemini\antigravity\scratch\sovereign-repos\Project-AI\src\app\agents\ci_checker_agent.py", line 29, in <module>
    from src.app.core.kernel_integration import KernelRoutedAgent
  File "C:\Users\Quencher\.gemini\antigravity\scratch\sovereign-repos\Project-AI\src\app\core\kernel_integration.py", line 144, in <module>
    class KernelRoutedAgent(CouncilMemberInterface):
  File "C:\Users\Quencher\.gemini\antigravity\scratch\sovereign-repos\Project-AI\src\app\core\kernel_integration.py", line 156, in KernelRoutedAgent
    def execute_action(self, action_name: str, params: Dict[str, Any]) -> Any:
                                                       ^^^^
NameError: name 'Dict' is not defined. Did you mean: 'dict'?

======================================================================
ERROR: test_user_manager_extended (unittest.loader._FailedTest.test_user_manager_extended)
----------------------------------------------------------------------
ImportError: Failed to import test module: test_user_manager_extended
Traceback (most recent call last):
  File "C:\Users\Quencher\AppData\Local\Programs\Python\Python312\Lib\unittest\loader.py", line 396, in _find_test_path
    module = self._get_module_from_name(name)
             ^^^^^^^^^^^^^^^^^^^^^^^^^^^^^^^^
  File "C:\Users\Quencher\AppData\Local\Programs\Python\Python312\Lib\unittest\loader.py", line 339, in _get_module_from_name
    __import__(name)
  File "C:\Users\Quencher\.gemini\antigravity\scratch\sovereign-repos\Project-AI\tests\test_user_manager_extended.py", line 3
    ∩╗┐"""Extended tests for UserManager (20+)."""
    ^
SyntaxError: invalid non-printable character U+FEFF


======================================================================
ERROR: test_v1_launch (unittest.loader._FailedTest.test_v1_launch)
----------------------------------------------------------------------
ImportError: Failed to import test module: test_v1_launch
Traceback (most recent call last):
  File "C:\Users\Quencher\AppData\Local\Programs\Python\Python312\Lib\unittest\loader.py", line 396, in _find_test_path
    module = self._get_module_from_name(name)
             ^^^^^^^^^^^^^^^^^^^^^^^^^^^^^^^^
  File "C:\Users\Quencher\AppData\Local\Programs\Python\Python312\Lib\unittest\loader.py", line 339, in _get_module_from_name
    __import__(name)
  File "C:\Users\Quencher\.gemini\antigravity\scratch\sovereign-repos\Project-AI\tests\test_v1_launch.py", line 16, in <module>
    from app.core.council_hub import get_council_hub
  File "C:\Users\Quencher\.gemini\antigravity\scratch\sovereign-repos\Project-AI\src\app\core\council_hub.py", line 13, in <module>
    from src.app.agents.ci_checker_agent import CICheckerAgent
  File "C:\Users\Quencher\.gemini\antigravity\scratch\sovereign-repos\Project-AI\src\app\agents\ci_checker_agent.py", line 29, in <module>
    from src.app.core.kernel_integration import KernelRoutedAgent
  File "C:\Users\Quencher\.gemini\antigravity\scratch\sovereign-repos\Project-AI\src\app\core\kernel_integration.py", line 144, in <module>
    class KernelRoutedAgent(CouncilMemberInterface):
  File "C:\Users\Quencher\.gemini\antigravity\scratch\sovereign-repos\Project-AI\src\app\core\kernel_integration.py", line 156, in KernelRoutedAgent
    def execute_action(self, action_name: str, params: Dict[str, Any]) -> Any:
                                                       ^^^^
NameError: name 'Dict' is not defined. Did you mean: 'dict'?


======================================================================
ERROR: reporting (unittest.loader._FailedTest.reporting)
----------------------------------------------------------------------
ImportError: Failed to import test module: reporting
Traceback (most recent call last):
  File "C:\Users\Quencher\AppData\Local\Programs\Python\Python312\Lib\unittest\loader.py", line 429, in _find_test_path
    package = self._get_module_from_name(name)
              ^^^^^^^^^^^^^^^^^^^^^^^^^^^^^^^^
  File "C:\Users\Quencher\AppData\Local\Programs\Python\Python312\Lib\unittest\loader.py", line 339, in _get_module_from_name
    __import__(name)
  File "C:\Users\Quencher\.gemini\antigravity\scratch\sovereign-repos\Project-AI\e2e\reporting\__init__.py", line 14, in <module>
    from e2e.reporting.artifact_manager import ArtifactManager
ModuleNotFoundError: No module named 'e2e.reporting'


======================================================================
FAIL: test_emergency_mode_emits_event (test_wired_systems.TestWiredEthicsApprovals.test_emergency_mode_emits_event)
Test that emergency mode activation emits a system health event.
----------------------------------------------------------------------
Traceback (most recent call last):
  File "C:\Users\Quencher\.gemini\antigravity\scratch\sovereign-repos\Project-AI\tests\test_wired_systems.py", line 142, in test_emergency_mode_emits_event
    assert len(health_events) > 0
           ^^^^^^^^^^^^^^^^^^^^^^
AssertionError

======================================================================
FAIL: test_ethics_approval_emits_event (test_wired_systems.TestWiredEthicsApprovals.test_ethics_approval_emits_event)
Test that ethics approval emits a governance decision event.
----------------------------------------------------------------------
Traceback (most recent call last):
  File "C:\Users\Quencher\.gemini\antigravity\scratch\sovereign-repos\Project-AI\tests\test_wired_systems.py", line 76, in test_ethics_approval_emits_event
    assert len(self.received_events) > 0
           ^^^^^^^^^^^^^^^^^^^^^^^^^^^^^
AssertionError

======================================================================
FAIL: test_ethics_approval_includes_governance_context (test_wired_systems.TestWiredEthicsApprovals.test_ethics_approval_includes_governance_context)
Test that ethics approval includes governance consultation requirements.
----------------------------------------------------------------------
Traceback (most recent call last):
  File "C:\Users\Quencher\.gemini\antigravity\scratch\sovereign-repos\Project-AI\tests\test_wired_systems.py", line 110, in test_ethics_approval_includes_governance_context
    assert len(self.received_events) > 0
           ^^^^^^^^^^^^^^^^^^^^^^^^^^^^^
AssertionError

======================================================================
FAIL: test_ethics_checkpoint_emits_event (test_wired_systems.TestWiredEthicsApprovals.test_ethics_checkpoint_emits_event)
Test that ethics checkpoint emits a governance decision event.
----------------------------------------------------------------------
Traceback (most recent call last):
  File "C:\Users\Quencher\.gemini\antigravity\scratch\sovereign-repos\Project-AI\tests\test_wired_systems.py", line 167, in test_ethics_checkpoint_emits_event
    assert len(self.received_events) > 0
           ^^^^^^^^^^^^^^^^^^^^^^^^^^^^^
AssertionError

======================================================================
FAIL: test_event_includes_audit_linkage (test_wired_systems.TestWiredEthicsApprovals.test_event_includes_audit_linkage)
Test that events include linkage to audit trail.
----------------------------------------------------------------------
Traceback (most recent call last):
  File "C:\Users\Quencher\.gemini\antigravity\scratch\sovereign-repos\Project-AI\tests\test_wired_systems.py", line 193, in test_event_includes_audit_linkage
    self.assertGreater(len(self.received_events), 0)
AssertionError: 0 not greater than 0

======================================================================
FAIL: test_multiple_approvals_emit_multiple_events (test_wired_systems.TestWiredEthicsApprovals.test_multiple_approvals_emit_multiple_events)
Test that multiple approvals emit separate events.
----------------------------------------------------------------------
Traceback (most recent call last):
  File "C:\Users\Quencher\.gemini\antigravity\scratch\sovereign-repos\Project-AI\tests\test_wired_systems.py", line 231, in test_multiple_approvals_emit_multiple_events
    assert len(governance_events) >= len(subsystems)
           ^^^^^^^^^^^^^^^^^^^^^^^^^^^^^^^^^^^^^^^^^
AssertionError

----------------------------------------------------------------------
Ran 170 tests in 20.705s

FAILED (failures=6, errors=56, skipped=2)
[Dummy GPTΓÇæOSS response] Hello, GPTΓÇæOSS 1208!
Γ£ô Deterministic seed behavior verified
Γ£ô Campaign save/replay verified
Γ£ô Audit trail generation verified
Sovereign Test Discovery initiated for: tests, e2e
